***********************************************************************************************
***                                                                                         ***
***                                    LINK INFORMATION                                     ***
***                                                                                         ***
***********************************************************************************************

Linker version:

  SEGGER ARM Linker 4.44.2 compiled Apr 14 2025 15:08:43
  Copyright (c) 2017-2024 SEGGER Microcontroller GmbH    www.segger.com


***********************************************************************************************
***                                                                                         ***
***                                     MODULE SUMMARY                                      ***
***                                                                                         ***
***********************************************************************************************

Memory use by input file:

  Object File                                       RX Code     RO Data     RW Data     ZI Data
  ---------------------------------------------  ----------  ----------  ----------  ----------
  main.o                                                280         872                        
  SEGGER_THUMB_Startup.o                                 20                                    
  STM32L432KC_FLASH.o                                    32                                    
  STM32L432KC_GPIO.o                                    180                                    
  STM32L432KC_RCC.o                                     208                                    
  STM32L432KC_TIM.o                                     564                                    
  stm32l432xx_Vectors.o                                 532                                    
  STM32L4xx_Startup.o                                    64                                    
  system_stm32l4xx.o                                    428          64           4            
  ---------------------------------------------  ----------  ----------  ----------  ----------
  Subtotal (9 objects)                                2 308         936           4            
  ---------------------------------------------  ----------  ----------  ----------  ----------
  libc_v7em_fpv4_sp_d16_hard_t_le_eabi_balanced.a
                                                        982                                    
  SEGGER_crtinit_v7em_fpv4_sp_d16_hard_t_le_eabi_balanced.a
                                                         56                                    
  ---------------------------------------------  ----------  ----------  ----------  ----------
  Subtotal (2 archives)                               1 038                                    
  ---------------------------------------------  ----------  ----------  ----------  ----------
  Linker created (shared data, fills, blocks):                       28                   2 048
  =============================================  ==========  ==========  ==========  ==========
  Total:                                              3 346         964           4       2 048
  =============================================  ==========  ==========  ==========  ==========

Memory use by archive member:

  Archive member                                    RX Code     RO Data     RW Data     ZI Data
  ---------------------------------------------  ----------  ----------  ----------  ----------
  floatasmops_arm.o (libc_v7em_fpv4_sp_d16_hard_t_le_eabi_balanced.a)
                                                        820                                    
  floatops.o (libc_v7em_fpv4_sp_d16_hard_t_le_eabi_balanced.a)
                                                        162                                    
  SEGGER_crtinit.o (SEGGER_crtinit_v7em_fpv4_sp_d16_hard_t_le_eabi_balanced.a)
                                                         56                                    
  ---------------------------------------------  ----------  ----------  ----------  ----------
  Subtotal (3 members from 2 archives)                1 038                                    
  Objects (9 files)                                   2 308         936           4            
  Linker created (shared data, fills, blocks):                       28                   2 048
  =============================================  ==========  ==========  ==========  ==========
  Total:                                              3 346         964           4       2 048
  =============================================  ==========  ==========  ==========  ==========

Memory use by linker:

  Description                                       RX Code     RO Data     RW Data     ZI Data
  ---------------------------------------------  ----------  ----------  ----------  ----------
  Initialization table                                               28                        
  Memory for block 'stack'                                                                2 048
  ---------------------------------------------  ----------  ----------  ----------  ----------
  Subtotal (linker created):                                         28                   2 048
  ---------------------------------------------  ----------  ----------  ----------  ----------
  Objects (9 files)                                   2 308         936           4            
  Archives (2 files)                                  1 038                                    
  =============================================  ==========  ==========  ==========  ==========
  Total:                                              3 346         964           4       2 048
  =============================================  ==========  ==========  ==========  ==========


***********************************************************************************************
***                                                                                         ***
***                                     SECTION DETAIL                                      ***
***                                                                                         ***
***********************************************************************************************

Sections by address:

  Range              Symbol or [section] Name         Size  Al  Init  Ac  Object File
  -----------------  -------------------------  ----------  --  ----  --  -----------
  08000000-0800018b  _vectors                          396  512
                                                                Code  RX  stm32l432xx_Vectors.o
  0800018c-0800018d  NMI_Handler                         2   2  Code  RX  stm32l432xx_Vectors.o
  0800018e-0800018f  MemManage_Handler                   2   2  Code  RX  stm32l432xx_Vectors.o
  08000190-08000273  setFrequency                      228   8  Code  RX  STM32L432KC_TIM.o
  08000274-08000283  AHBPrescTable                      16   4  Cnst  RO  system_stm32l4xx.o
  08000284-080002b3  MSIRangeTable                      48   4  Cnst  RO  system_stm32l4xx.o
  080002b4-0800030b  SystemInit                         88   4  Code  RX  system_stm32l4xx.o
  0800030c-0800045f  SystemCoreClockUpdate             340   4  Code  RX  system_stm32l4xx.o
  08000460-080007c7  notes                             872   4  Cnst  RO  main.o
  080007c8-080008df  main                              280   4  Code  RX  main.o
  080008e0-080008ff  configureFlash                     32   4  Code  RX  STM32L432KC_FLASH.o
  08000900-080009b3  pinMode                           180   4  Code  RX  STM32L432KC_GPIO.o
  080009b4-08000a57  configurePLL                      164   4  Code  RX  STM32L432KC_RCC.o
  08000a58-08000a83  configureClock                     44   4  Code  RX  STM32L432KC_RCC.o
  08000a84-08000a97  _start                             20   4  Code  RX  SEGGER_THUMB_Startup.o
  08000a98-08000abf  HardFault_Handler                  40   4  Code  RX  STM32L4xx_Startup.o
  08000ac0-08000bef  __aeabi_dmul                      304   4  Code  RX  floatasmops_arm.o (libc_v7em_fpv4_sp_d16_hard_t_le_eabi_balanced.a)
  08000bf0-08000db3  __aeabi_ddiv                      452   4  Code  RX  floatasmops_arm.o (libc_v7em_fpv4_sp_d16_hard_t_le_eabi_balanced.a)
  08000db4-08000dd7  __aeabi_d2uiz                      36   4  Code  RX  floatasmops_arm.o (libc_v7em_fpv4_sp_d16_hard_t_le_eabi_balanced.a)
  08000dd8-08000df3  __aeabi_ui2d                       28   4  Code  RX  floatasmops_arm.o (libc_v7em_fpv4_sp_d16_hard_t_le_eabi_balanced.a)
  08000df4-08000eb9  initTIM                           198   2  Code  RX  STM32L432KC_TIM.o
  08000eba-08000f43  setDelay                          138   2  Code  RX  STM32L432KC_TIM.o
  08000f44-08000f45  BusFault_Handler                    2   2  Code  RX  stm32l432xx_Vectors.o
  08000f46-08000f47  UsageFault_Handler                  2   2  Code  RX  stm32l432xx_Vectors.o
  08000f48-08000f49  SVC_Handler                         2   2  Code  RX  stm32l432xx_Vectors.o
  08000f4a-08000f4b  DebugMon_Handler                    2   2  Code  RX  stm32l432xx_Vectors.o
  08000f4c-08000f4d  PendSV_Handler                      2   2  Code  RX  stm32l432xx_Vectors.o
  08000f4e-08000f4f  SysTick_Handler                     2   2  Code  RX  stm32l432xx_Vectors.o
  08000f50-08000f51  WWDG_IRQHandler                     2   2  Code  RX  stm32l432xx_Vectors.o
  08000f52-08000f53  PVD_PVM_IRQHandler                  2   2  Code  RX  stm32l432xx_Vectors.o
  08000f54-08000f55  TAMP_STAMP_IRQHandler               2   2  Code  RX  stm32l432xx_Vectors.o
  08000f56-08000f57  RTC_WKUP_IRQHandler                 2   2  Code  RX  stm32l432xx_Vectors.o
  08000f58-08000f59  FLASH_IRQHandler                    2   2  Code  RX  stm32l432xx_Vectors.o
  08000f5a-08000f5b  RCC_IRQHandler                      2   2  Code  RX  stm32l432xx_Vectors.o
  08000f5c-08000f5d  EXTI0_IRQHandler                    2   2  Code  RX  stm32l432xx_Vectors.o
  08000f5e-08000f5f  EXTI1_IRQHandler                    2   2  Code  RX  stm32l432xx_Vectors.o
  08000f60-08000f61  EXTI2_IRQHandler                    2   2  Code  RX  stm32l432xx_Vectors.o
  08000f62-08000f63  EXTI3_IRQHandler                    2   2  Code  RX  stm32l432xx_Vectors.o
  08000f64-08000f65  EXTI4_IRQHandler                    2   2  Code  RX  stm32l432xx_Vectors.o
  08000f66-08000f67  DMA1_Channel1_IRQHandler            2   2  Code  RX  stm32l432xx_Vectors.o
  08000f68-08000f69  DMA1_Channel2_IRQHandler            2   2  Code  RX  stm32l432xx_Vectors.o
  08000f6a-08000f6b  DMA1_Channel3_IRQHandler            2   2  Code  RX  stm32l432xx_Vectors.o
  08000f6c-08000f6d  DMA1_Channel4_IRQHandler            2   2  Code  RX  stm32l432xx_Vectors.o
  08000f6e-08000f6f  DMA1_Channel5_IRQHandler            2   2  Code  RX  stm32l432xx_Vectors.o
  08000f70-08000f71  DMA1_Channel6_IRQHandler            2   2  Code  RX  stm32l432xx_Vectors.o
  08000f72-08000f73  DMA1_Channel7_IRQHandler            2   2  Code  RX  stm32l432xx_Vectors.o
  08000f74-08000f75  ADC1_IRQHandler                     2   2  Code  RX  stm32l432xx_Vectors.o
  08000f76-08000f77  CAN1_TX_IRQHandler                  2   2  Code  RX  stm32l432xx_Vectors.o
  08000f78-08000f79  CAN1_RX0_IRQHandler                 2   2  Code  RX  stm32l432xx_Vectors.o
  08000f7a-08000f7b  CAN1_RX1_IRQHandler                 2   2  Code  RX  stm32l432xx_Vectors.o
  08000f7c-08000f7d  CAN1_SCE_IRQHandler                 2   2  Code  RX  stm32l432xx_Vectors.o
  08000f7e-08000f7f  EXTI9_5_IRQHandler                  2   2  Code  RX  stm32l432xx_Vectors.o
  08000f80-08000f81  TIM1_BRK_TIM15_IRQHandler           2   2  Code  RX  stm32l432xx_Vectors.o
  08000f82-08000f83  TIM1_UP_TIM16_IRQHandler            2   2  Code  RX  stm32l432xx_Vectors.o
  08000f84-08000f85  TIM1_TRG_COM_IRQHandler             2   2  Code  RX  stm32l432xx_Vectors.o
  08000f86-08000f87  TIM1_CC_IRQHandler                  2   2  Code  RX  stm32l432xx_Vectors.o
  08000f88-08000f89  TIM2_IRQHandler                     2   2  Code  RX  stm32l432xx_Vectors.o
  08000f8a-08000f8b  I2C1_EV_IRQHandler                  2   2  Code  RX  stm32l432xx_Vectors.o
  08000f8c-08000f8d  I2C1_ER_IRQHandler                  2   2  Code  RX  stm32l432xx_Vectors.o
  08000f8e-08000f8f  SPI1_IRQHandler                     2   2  Code  RX  stm32l432xx_Vectors.o
  08000f90-08000f91  USART1_IRQHandler                   2   2  Code  RX  stm32l432xx_Vectors.o
  08000f92-08000f93  USART2_IRQHandler                   2   2  Code  RX  stm32l432xx_Vectors.o
  08000f94-08000f95  EXTI15_10_IRQHandler                2   2  Code  RX  stm32l432xx_Vectors.o
  08000f96-08000f97  RTC_Alarm_IRQHandler                2   2  Code  RX  stm32l432xx_Vectors.o
  08000f98-08000f99  SPI3_IRQHandler                     2   2  Code  RX  stm32l432xx_Vectors.o
  08000f9a-08000f9b  TIM6_DAC_IRQHandler                 2   2  Code  RX  stm32l432xx_Vectors.o
  08000f9c-08000f9d  TIM7_IRQHandler                     2   2  Code  RX  stm32l432xx_Vectors.o
  08000f9e-08000f9f  DMA2_Channel1_IRQHandler            2   2  Code  RX  stm32l432xx_Vectors.o
  08000fa0-08000fa1  DMA2_Channel2_IRQHandler            2   2  Code  RX  stm32l432xx_Vectors.o
  08000fa2-08000fa3  DMA2_Channel3_IRQHandler            2   2  Code  RX  stm32l432xx_Vectors.o
  08000fa4-08000fa5  DMA2_Channel4_IRQHandler            2   2  Code  RX  stm32l432xx_Vectors.o
  08000fa6-08000fa7  DMA2_Channel5_IRQHandler            2   2  Code  RX  stm32l432xx_Vectors.o
  08000fa8-08000fa9  COMP_IRQHandler                     2   2  Code  RX  stm32l432xx_Vectors.o
  08000faa-08000fab  LPTIM1_IRQHandler                   2   2  Code  RX  stm32l432xx_Vectors.o
  08000fac-08000fad  LPTIM2_IRQHandler                   2   2  Code  RX  stm32l432xx_Vectors.o
  08000fae-08000faf  USB_IRQHandler                      2   2  Code  RX  stm32l432xx_Vectors.o
  08000fb0-08000fb1  DMA2_Channel6_IRQHandler            2   2  Code  RX  stm32l432xx_Vectors.o
  08000fb2-08000fb3  DMA2_Channel7_IRQHandler            2   2  Code  RX  stm32l432xx_Vectors.o
  08000fb4-08000fb5  LPUART1_IRQHandler                  2   2  Code  RX  stm32l432xx_Vectors.o
  08000fb6-08000fb7  QUADSPI_IRQHandler                  2   2  Code  RX  stm32l432xx_Vectors.o
  08000fb8-08000fb9  I2C3_EV_IRQHandler                  2   2  Code  RX  stm32l432xx_Vectors.o
  08000fba-08000fbb  I2C3_ER_IRQHandler                  2   2  Code  RX  stm32l432xx_Vectors.o
  08000fbc-08000fbd  SAI1_IRQHandler                     2   2  Code  RX  stm32l432xx_Vectors.o
  08000fbe-08000fbf  SWPMI1_IRQHandler                   2   2  Code  RX  stm32l432xx_Vectors.o
  08000fc0-08000fc1  TSC_IRQHandler                      2   2  Code  RX  stm32l432xx_Vectors.o
  08000fc2-08000fc3  RNG_IRQHandler                      2   2  Code  RX  stm32l432xx_Vectors.o
  08000fc4-08000fc5  FPU_IRQHandler                      2   2  Code  RX  stm32l432xx_Vectors.o
  08000fc6-08000fc7  CRS_IRQHandler                      2   2  Code  RX  stm32l432xx_Vectors.o
  08000fc8-08001069  round                             162   2  Code  RX  floatops.o (libc_v7em_fpv4_sp_d16_hard_t_le_eabi_balanced.a)
  0800106a-08001081  reset_handler                      24   2  Code  RX  STM32L4xx_Startup.o
  08001082-08001083  ( UNUSED .=.+2 )                    2   -  ----  -   -
  08001084-08001087  [.init_array]                       4   4  ----  --  STM32L4xx_Startup.o
  08001088-080010ab  __SEGGER_init_ctors                36   4  Code  RX  SEGGER_crtinit.o (SEGGER_crtinit_v7em_fpv4_sp_d16_hard_t_le_eabi_balanced.a)
  080010ac-080010c3  __SEGGER_init_table__              24   4  Cnst  RO  [ Linker created ]
  080010c4-080010c7  __SEGGER_init_data__                4   4  Cnst  RO  [ Linker created ]
  080010c8-080010db  __SEGGER_init_copy                 20   2  Code  RX  SEGGER_crtinit.o (SEGGER_crtinit_v7em_fpv4_sp_d16_hard_t_le_eabi_balanced.a)
  080010dc-0fffffff  ( UNUSED .=.+134213412 )   134 213 412
                                                             -  ----  -   -
  10000000-10000003  SystemCoreClock                     4   4  Init  RW  system_stm32l4xx.o
  10000004-2000b7ff  ( UNUSED .=.+268482556 )   268 482 556
                                                             -  ----  -   -
  2000b800-2000bfff  [.bss.block.stack]              2 048   8  None  ZI  [ Linker created ]


***********************************************************************************************
***                                                                                         ***
***                                       SYMBOL LIST                                       ***
***                                                                                         ***
***********************************************************************************************

Function symbols by name:

  Symbol name                   Address        Size  Align  Type  Bd  Object File
  -------------------------  ----------  ----------  -----  ----  --  -----------
  ADC1_IRQHandler            0x08000F75                  2  Code  Wk  stm32l432xx_Vectors.o
  BusFault_Handler           0x08000F45                  2  Code  Wk  stm32l432xx_Vectors.o
  CAN1_RX0_IRQHandler        0x08000F79                  2  Code  Wk  stm32l432xx_Vectors.o
  CAN1_RX1_IRQHandler        0x08000F7B                  2  Code  Wk  stm32l432xx_Vectors.o
  CAN1_SCE_IRQHandler        0x08000F7D                  2  Code  Wk  stm32l432xx_Vectors.o
  CAN1_TX_IRQHandler         0x08000F77                  2  Code  Wk  stm32l432xx_Vectors.o
  COMP_IRQHandler            0x08000FA9                  2  Code  Wk  stm32l432xx_Vectors.o
  CRS_IRQHandler             0x08000FC7                  2  Code  Wk  stm32l432xx_Vectors.o
  DMA1_Channel1_IRQHandler   0x08000F67                  2  Code  Wk  stm32l432xx_Vectors.o
  DMA1_Channel2_IRQHandler   0x08000F69                  2  Code  Wk  stm32l432xx_Vectors.o
  DMA1_Channel3_IRQHandler   0x08000F6B                  2  Code  Wk  stm32l432xx_Vectors.o
  DMA1_Channel4_IRQHandler   0x08000F6D                  2  Code  Wk  stm32l432xx_Vectors.o
  DMA1_Channel5_IRQHandler   0x08000F6F                  2  Code  Wk  stm32l432xx_Vectors.o
  DMA1_Channel6_IRQHandler   0x08000F71                  2  Code  Wk  stm32l432xx_Vectors.o
  DMA1_Channel7_IRQHandler   0x08000F73                  2  Code  Wk  stm32l432xx_Vectors.o
  DMA2_Channel1_IRQHandler   0x08000F9F                  2  Code  Wk  stm32l432xx_Vectors.o
  DMA2_Channel2_IRQHandler   0x08000FA1                  2  Code  Wk  stm32l432xx_Vectors.o
  DMA2_Channel3_IRQHandler   0x08000FA3                  2  Code  Wk  stm32l432xx_Vectors.o
  DMA2_Channel4_IRQHandler   0x08000FA5                  2  Code  Wk  stm32l432xx_Vectors.o
  DMA2_Channel5_IRQHandler   0x08000FA7                  2  Code  Wk  stm32l432xx_Vectors.o
  DMA2_Channel6_IRQHandler   0x08000FB1                  2  Code  Wk  stm32l432xx_Vectors.o
  DMA2_Channel7_IRQHandler   0x08000FB3                  2  Code  Wk  stm32l432xx_Vectors.o
  DebugMon_Handler           0x08000F4B                  2  Code  Wk  stm32l432xx_Vectors.o
  EXTI0_IRQHandler           0x08000F5D                  2  Code  Wk  stm32l432xx_Vectors.o
  EXTI15_10_IRQHandler       0x08000F95                  2  Code  Wk  stm32l432xx_Vectors.o
  EXTI1_IRQHandler           0x08000F5F                  2  Code  Wk  stm32l432xx_Vectors.o
  EXTI2_IRQHandler           0x08000F61                  2  Code  Wk  stm32l432xx_Vectors.o
  EXTI3_IRQHandler           0x08000F63                  2  Code  Wk  stm32l432xx_Vectors.o
  EXTI4_IRQHandler           0x08000F65                  2  Code  Wk  stm32l432xx_Vectors.o
  EXTI9_5_IRQHandler         0x08000F7F                  2  Code  Wk  stm32l432xx_Vectors.o
  FLASH_IRQHandler           0x08000F59                  2  Code  Wk  stm32l432xx_Vectors.o
  FPU_IRQHandler             0x08000FC5                  2  Code  Wk  stm32l432xx_Vectors.o
  HardFault_Handler          0x08000A99                  4  Code  Wk  STM32L4xx_Startup.o
  I2C1_ER_IRQHandler         0x08000F8D                  2  Code  Wk  stm32l432xx_Vectors.o
  I2C1_EV_IRQHandler         0x08000F8B                  2  Code  Wk  stm32l432xx_Vectors.o
  I2C3_ER_IRQHandler         0x08000FBB                  2  Code  Wk  stm32l432xx_Vectors.o
  I2C3_EV_IRQHandler         0x08000FB9                  2  Code  Wk  stm32l432xx_Vectors.o
  LPTIM1_IRQHandler          0x08000FAB                  2  Code  Wk  stm32l432xx_Vectors.o
  LPTIM2_IRQHandler          0x08000FAD                  2  Code  Wk  stm32l432xx_Vectors.o
  LPUART1_IRQHandler         0x08000FB5                  2  Code  Wk  stm32l432xx_Vectors.o
  MemManage_Handler          0x0800018F                  2  Code  Wk  stm32l432xx_Vectors.o
  NMI_Handler                0x0800018D                  2  Code  Wk  stm32l432xx_Vectors.o
  PVD_PVM_IRQHandler         0x08000F53                  2  Code  Wk  stm32l432xx_Vectors.o
  PendSV_Handler             0x08000F4D                  2  Code  Wk  stm32l432xx_Vectors.o
  QUADSPI_IRQHandler         0x08000FB7                  2  Code  Wk  stm32l432xx_Vectors.o
  RCC_IRQHandler             0x08000F5B                  2  Code  Wk  stm32l432xx_Vectors.o
  RNG_IRQHandler             0x08000FC3                  2  Code  Wk  stm32l432xx_Vectors.o
  RTC_Alarm_IRQHandler       0x08000F97                  2  Code  Wk  stm32l432xx_Vectors.o
  RTC_WKUP_IRQHandler        0x08000F57                  2  Code  Wk  stm32l432xx_Vectors.o
  Reset_Handler              0x0800106B                  2  Code  Gb  STM32L4xx_Startup.o
  SAI1_IRQHandler            0x08000FBD                  2  Code  Wk  stm32l432xx_Vectors.o
  SPI1_IRQHandler            0x08000F8F                  2  Code  Wk  stm32l432xx_Vectors.o
  SPI3_IRQHandler            0x08000F99                  2  Code  Wk  stm32l432xx_Vectors.o
  SVC_Handler                0x08000F49                  2  Code  Wk  stm32l432xx_Vectors.o
  SWPMI1_IRQHandler          0x08000FBF                  2  Code  Wk  stm32l432xx_Vectors.o
  SysTick_Handler            0x08000F4F                  2  Code  Wk  stm32l432xx_Vectors.o
  SystemCoreClockUpdate      0x0800030D         340      4  Code  Gb  system_stm32l4xx.o
  SystemInit                 0x080002B5          88      4  Code  Gb  system_stm32l4xx.o
  TAMP_STAMP_IRQHandler      0x08000F55                  2  Code  Wk  stm32l432xx_Vectors.o
  TIM1_BRK_TIM15_IRQHandler  0x08000F81                  2  Code  Wk  stm32l432xx_Vectors.o
  TIM1_CC_IRQHandler         0x08000F87                  2  Code  Wk  stm32l432xx_Vectors.o
  TIM1_TRG_COM_IRQHandler    0x08000F85                  2  Code  Wk  stm32l432xx_Vectors.o
  TIM1_UP_TIM16_IRQHandler   0x08000F83                  2  Code  Wk  stm32l432xx_Vectors.o
  TIM2_IRQHandler            0x08000F89                  2  Code  Wk  stm32l432xx_Vectors.o
  TIM6_DAC_IRQHandler        0x08000F9B                  2  Code  Wk  stm32l432xx_Vectors.o
  TIM7_IRQHandler            0x08000F9D                  2  Code  Wk  stm32l432xx_Vectors.o
  TSC_IRQHandler             0x08000FC1                  2  Code  Wk  stm32l432xx_Vectors.o
  USART1_IRQHandler          0x08000F91                  2  Code  Wk  stm32l432xx_Vectors.o
  USART2_IRQHandler          0x08000F93                  2  Code  Wk  stm32l432xx_Vectors.o
  USB_IRQHandler             0x08000FAF                  2  Code  Wk  stm32l432xx_Vectors.o
  UsageFault_Handler         0x08000F47                  2  Code  Wk  stm32l432xx_Vectors.o
  WWDG_IRQHandler            0x08000F51                  2  Code  Wk  stm32l432xx_Vectors.o
  __SEGGER_init_copy         0x080010C9          20      2  Code  Wk  SEGGER_crtinit.o (SEGGER_crtinit_v7em_fpv4_sp_d16_hard_t_le_eabi_balanced.a)
  __SEGGER_init_ctors        0x08001089          26      4  Code  Wk  SEGGER_crtinit.o (SEGGER_crtinit_v7em_fpv4_sp_d16_hard_t_le_eabi_balanced.a)
  __SEGGER_init_done         0x08000A8F                  4  Code  Gb  SEGGER_THUMB_Startup.o
  __aeabi_d2uiz              0x08000DB5          36      4  Code  Wk  floatasmops_arm.o (libc_v7em_fpv4_sp_d16_hard_t_le_eabi_balanced.a)
  __aeabi_ddiv               0x08000BF1         450      4  Code  Wk  floatasmops_arm.o (libc_v7em_fpv4_sp_d16_hard_t_le_eabi_balanced.a)
  __aeabi_dmul               0x08000AC1         304      4  Code  Wk  floatasmops_arm.o (libc_v7em_fpv4_sp_d16_hard_t_le_eabi_balanced.a)
  __aeabi_ui2d               0x08000DD9          28      4  Code  Wk  floatasmops_arm.o (libc_v7em_fpv4_sp_d16_hard_t_le_eabi_balanced.a)
  __startup_complete         0x08000A8F                  4  Code  Gb  SEGGER_THUMB_Startup.o
  _start                     0x08000A85          14      4  Code  Gb  SEGGER_THUMB_Startup.o
  configureClock             0x08000A59          44      4  Code  Gb  STM32L432KC_RCC.o
  configureFlash             0x080008E1          32      4  Code  Gb  STM32L432KC_FLASH.o
  configurePLL               0x080009B5         164      4  Code  Gb  STM32L432KC_RCC.o
  exit                       0x08000A93           2      4  Code  Gb  SEGGER_THUMB_Startup.o
  initTIM                    0x08000DF5         198      2  Code  Gb  STM32L432KC_TIM.o
  main                       0x080007C9         280      4  Code  Gb  main.o
  pinMode                    0x08000901         180      4  Code  Gb  STM32L432KC_GPIO.o
  reset_handler              0x0800106B                  2  Code  Gb  STM32L4xx_Startup.o
  round                      0x08000FC9         162      2  Code  Wk  floatops.o (libc_v7em_fpv4_sp_d16_hard_t_le_eabi_balanced.a)
  setDelay                   0x08000EBB         138      2  Code  Gb  STM32L432KC_TIM.o
  setFrequency               0x08000191         228      8  Code  Gb  STM32L432KC_TIM.o

Function symbols by address:

     Address  Symbol name                      Size  Align  Type  Bd  Object File
  ----------  -------------------------  ----------  -----  ----  --  -----------
  0x0800018D  NMI_Handler                                2  Code  Wk  stm32l432xx_Vectors.o
  0x0800018F  MemManage_Handler                          2  Code  Wk  stm32l432xx_Vectors.o
  0x08000191  setFrequency                      228      8  Code  Gb  STM32L432KC_TIM.o
  0x080002B5  SystemInit                         88      4  Code  Gb  system_stm32l4xx.o
  0x0800030D  SystemCoreClockUpdate             340      4  Code  Gb  system_stm32l4xx.o
  0x080007C9  main                              280      4  Code  Gb  main.o
  0x080008E1  configureFlash                     32      4  Code  Gb  STM32L432KC_FLASH.o
  0x08000901  pinMode                           180      4  Code  Gb  STM32L432KC_GPIO.o
  0x080009B5  configurePLL                      164      4  Code  Gb  STM32L432KC_RCC.o
  0x08000A59  configureClock                     44      4  Code  Gb  STM32L432KC_RCC.o
  0x08000A85  _start                             14      4  Code  Gb  SEGGER_THUMB_Startup.o
  0x08000A8F  __startup_complete                         4  Code  Gb  SEGGER_THUMB_Startup.o
  0x08000A8F  __SEGGER_init_done                         4  Code  Gb  SEGGER_THUMB_Startup.o
  0x08000A93  exit                                2      4  Code  Gb  SEGGER_THUMB_Startup.o
  0x08000A99  HardFault_Handler                          4  Code  Wk  STM32L4xx_Startup.o
  0x08000AC1  __aeabi_dmul                      304      4  Code  Wk  floatasmops_arm.o (libc_v7em_fpv4_sp_d16_hard_t_le_eabi_balanced.a)
  0x08000BF1  __aeabi_ddiv                      450      4  Code  Wk  floatasmops_arm.o (libc_v7em_fpv4_sp_d16_hard_t_le_eabi_balanced.a)
  0x08000DB5  __aeabi_d2uiz                      36      4  Code  Wk  floatasmops_arm.o (libc_v7em_fpv4_sp_d16_hard_t_le_eabi_balanced.a)
  0x08000DD9  __aeabi_ui2d                       28      4  Code  Wk  floatasmops_arm.o (libc_v7em_fpv4_sp_d16_hard_t_le_eabi_balanced.a)
  0x08000DF5  initTIM                           198      2  Code  Gb  STM32L432KC_TIM.o
  0x08000EBB  setDelay                          138      2  Code  Gb  STM32L432KC_TIM.o
  0x08000F45  BusFault_Handler                           2  Code  Wk  stm32l432xx_Vectors.o
  0x08000F47  UsageFault_Handler                         2  Code  Wk  stm32l432xx_Vectors.o
  0x08000F49  SVC_Handler                                2  Code  Wk  stm32l432xx_Vectors.o
  0x08000F4B  DebugMon_Handler                           2  Code  Wk  stm32l432xx_Vectors.o
  0x08000F4D  PendSV_Handler                             2  Code  Wk  stm32l432xx_Vectors.o
  0x08000F4F  SysTick_Handler                            2  Code  Wk  stm32l432xx_Vectors.o
  0x08000F51  WWDG_IRQHandler                            2  Code  Wk  stm32l432xx_Vectors.o
  0x08000F53  PVD_PVM_IRQHandler                         2  Code  Wk  stm32l432xx_Vectors.o
  0x08000F55  TAMP_STAMP_IRQHandler                      2  Code  Wk  stm32l432xx_Vectors.o
  0x08000F57  RTC_WKUP_IRQHandler                        2  Code  Wk  stm32l432xx_Vectors.o
  0x08000F59  FLASH_IRQHandler                           2  Code  Wk  stm32l432xx_Vectors.o
  0x08000F5B  RCC_IRQHandler                             2  Code  Wk  stm32l432xx_Vectors.o
  0x08000F5D  EXTI0_IRQHandler                           2  Code  Wk  stm32l432xx_Vectors.o
  0x08000F5F  EXTI1_IRQHandler                           2  Code  Wk  stm32l432xx_Vectors.o
  0x08000F61  EXTI2_IRQHandler                           2  Code  Wk  stm32l432xx_Vectors.o
  0x08000F63  EXTI3_IRQHandler                           2  Code  Wk  stm32l432xx_Vectors.o
  0x08000F65  EXTI4_IRQHandler                           2  Code  Wk  stm32l432xx_Vectors.o
  0x08000F67  DMA1_Channel1_IRQHandler                   2  Code  Wk  stm32l432xx_Vectors.o
  0x08000F69  DMA1_Channel2_IRQHandler                   2  Code  Wk  stm32l432xx_Vectors.o
  0x08000F6B  DMA1_Channel3_IRQHandler                   2  Code  Wk  stm32l432xx_Vectors.o
  0x08000F6D  DMA1_Channel4_IRQHandler                   2  Code  Wk  stm32l432xx_Vectors.o
  0x08000F6F  DMA1_Channel5_IRQHandler                   2  Code  Wk  stm32l432xx_Vectors.o
  0x08000F71  DMA1_Channel6_IRQHandler                   2  Code  Wk  stm32l432xx_Vectors.o
  0x08000F73  DMA1_Channel7_IRQHandler                   2  Code  Wk  stm32l432xx_Vectors.o
  0x08000F75  ADC1_IRQHandler                            2  Code  Wk  stm32l432xx_Vectors.o
  0x08000F77  CAN1_TX_IRQHandler                         2  Code  Wk  stm32l432xx_Vectors.o
  0x08000F79  CAN1_RX0_IRQHandler                        2  Code  Wk  stm32l432xx_Vectors.o
  0x08000F7B  CAN1_RX1_IRQHandler                        2  Code  Wk  stm32l432xx_Vectors.o
  0x08000F7D  CAN1_SCE_IRQHandler                        2  Code  Wk  stm32l432xx_Vectors.o
  0x08000F7F  EXTI9_5_IRQHandler                         2  Code  Wk  stm32l432xx_Vectors.o
  0x08000F81  TIM1_BRK_TIM15_IRQHandler                  2  Code  Wk  stm32l432xx_Vectors.o
  0x08000F83  TIM1_UP_TIM16_IRQHandler                   2  Code  Wk  stm32l432xx_Vectors.o
  0x08000F85  TIM1_TRG_COM_IRQHandler                    2  Code  Wk  stm32l432xx_Vectors.o
  0x08000F87  TIM1_CC_IRQHandler                         2  Code  Wk  stm32l432xx_Vectors.o
  0x08000F89  TIM2_IRQHandler                            2  Code  Wk  stm32l432xx_Vectors.o
  0x08000F8B  I2C1_EV_IRQHandler                         2  Code  Wk  stm32l432xx_Vectors.o
  0x08000F8D  I2C1_ER_IRQHandler                         2  Code  Wk  stm32l432xx_Vectors.o
  0x08000F8F  SPI1_IRQHandler                            2  Code  Wk  stm32l432xx_Vectors.o
  0x08000F91  USART1_IRQHandler                          2  Code  Wk  stm32l432xx_Vectors.o
  0x08000F93  USART2_IRQHandler                          2  Code  Wk  stm32l432xx_Vectors.o
  0x08000F95  EXTI15_10_IRQHandler                       2  Code  Wk  stm32l432xx_Vectors.o
  0x08000F97  RTC_Alarm_IRQHandler                       2  Code  Wk  stm32l432xx_Vectors.o
  0x08000F99  SPI3_IRQHandler                            2  Code  Wk  stm32l432xx_Vectors.o
  0x08000F9B  TIM6_DAC_IRQHandler                        2  Code  Wk  stm32l432xx_Vectors.o
  0x08000F9D  TIM7_IRQHandler                            2  Code  Wk  stm32l432xx_Vectors.o
  0x08000F9F  DMA2_Channel1_IRQHandler                   2  Code  Wk  stm32l432xx_Vectors.o
  0x08000FA1  DMA2_Channel2_IRQHandler                   2  Code  Wk  stm32l432xx_Vectors.o
  0x08000FA3  DMA2_Channel3_IRQHandler                   2  Code  Wk  stm32l432xx_Vectors.o
  0x08000FA5  DMA2_Channel4_IRQHandler                   2  Code  Wk  stm32l432xx_Vectors.o
  0x08000FA7  DMA2_Channel5_IRQHandler                   2  Code  Wk  stm32l432xx_Vectors.o
  0x08000FA9  COMP_IRQHandler                            2  Code  Wk  stm32l432xx_Vectors.o
  0x08000FAB  LPTIM1_IRQHandler                          2  Code  Wk  stm32l432xx_Vectors.o
  0x08000FAD  LPTIM2_IRQHandler                          2  Code  Wk  stm32l432xx_Vectors.o
  0x08000FAF  USB_IRQHandler                             2  Code  Wk  stm32l432xx_Vectors.o
  0x08000FB1  DMA2_Channel6_IRQHandler                   2  Code  Wk  stm32l432xx_Vectors.o
  0x08000FB3  DMA2_Channel7_IRQHandler                   2  Code  Wk  stm32l432xx_Vectors.o
  0x08000FB5  LPUART1_IRQHandler                         2  Code  Wk  stm32l432xx_Vectors.o
  0x08000FB7  QUADSPI_IRQHandler                         2  Code  Wk  stm32l432xx_Vectors.o
  0x08000FB9  I2C3_EV_IRQHandler                         2  Code  Wk  stm32l432xx_Vectors.o
  0x08000FBB  I2C3_ER_IRQHandler                         2  Code  Wk  stm32l432xx_Vectors.o
  0x08000FBD  SAI1_IRQHandler                            2  Code  Wk  stm32l432xx_Vectors.o
  0x08000FBF  SWPMI1_IRQHandler                          2  Code  Wk  stm32l432xx_Vectors.o
  0x08000FC1  TSC_IRQHandler                             2  Code  Wk  stm32l432xx_Vectors.o
  0x08000FC3  RNG_IRQHandler                             2  Code  Wk  stm32l432xx_Vectors.o
  0x08000FC5  FPU_IRQHandler                             2  Code  Wk  stm32l432xx_Vectors.o
  0x08000FC7  CRS_IRQHandler                             2  Code  Wk  stm32l432xx_Vectors.o
  0x08000FC9  round                             162      2  Code  Wk  floatops.o (libc_v7em_fpv4_sp_d16_hard_t_le_eabi_balanced.a)
  0x0800106B  reset_handler                              2  Code  Gb  STM32L4xx_Startup.o
  0x0800106B  Reset_Handler                              2  Code  Gb  STM32L4xx_Startup.o
  0x08001089  __SEGGER_init_ctors                26      4  Code  Wk  SEGGER_crtinit.o (SEGGER_crtinit_v7em_fpv4_sp_d16_hard_t_le_eabi_balanced.a)
  0x080010C9  __SEGGER_init_copy                 20      2  Code  Wk  SEGGER_crtinit.o (SEGGER_crtinit_v7em_fpv4_sp_d16_hard_t_le_eabi_balanced.a)

Function symbols by descending size:

  Symbol name                      Size  Align  Type  Bd  Object File
  -------------------------  ----------  -----  ----  --  -----------
  __aeabi_ddiv                      450      4  Code  Wk  floatasmops_arm.o (libc_v7em_fpv4_sp_d16_hard_t_le_eabi_balanced.a)
  SystemCoreClockUpdate             340      4  Code  Gb  system_stm32l4xx.o
  __aeabi_dmul                      304      4  Code  Wk  floatasmops_arm.o (libc_v7em_fpv4_sp_d16_hard_t_le_eabi_balanced.a)
  main                              280      4  Code  Gb  main.o
  setFrequency                      228      8  Code  Gb  STM32L432KC_TIM.o
  initTIM                           198      2  Code  Gb  STM32L432KC_TIM.o
  pinMode                           180      4  Code  Gb  STM32L432KC_GPIO.o
  configurePLL                      164      4  Code  Gb  STM32L432KC_RCC.o
  round                             162      2  Code  Wk  floatops.o (libc_v7em_fpv4_sp_d16_hard_t_le_eabi_balanced.a)
  setDelay                          138      2  Code  Gb  STM32L432KC_TIM.o
  SystemInit                         88      4  Code  Gb  system_stm32l4xx.o
  configureClock                     44      4  Code  Gb  STM32L432KC_RCC.o
  __aeabi_d2uiz                      36      4  Code  Wk  floatasmops_arm.o (libc_v7em_fpv4_sp_d16_hard_t_le_eabi_balanced.a)
  configureFlash                     32      4  Code  Gb  STM32L432KC_FLASH.o
  __aeabi_ui2d                       28      4  Code  Wk  floatasmops_arm.o (libc_v7em_fpv4_sp_d16_hard_t_le_eabi_balanced.a)
  __SEGGER_init_ctors                26      4  Code  Wk  SEGGER_crtinit.o (SEGGER_crtinit_v7em_fpv4_sp_d16_hard_t_le_eabi_balanced.a)
  __SEGGER_init_copy                 20      2  Code  Wk  SEGGER_crtinit.o (SEGGER_crtinit_v7em_fpv4_sp_d16_hard_t_le_eabi_balanced.a)
  _start                             14      4  Code  Gb  SEGGER_THUMB_Startup.o
  exit                                2      4  Code  Gb  SEGGER_THUMB_Startup.o
  ADC1_IRQHandler                            2  Code  Wk  stm32l432xx_Vectors.o
  BusFault_Handler                           2  Code  Wk  stm32l432xx_Vectors.o
  CAN1_RX0_IRQHandler                        2  Code  Wk  stm32l432xx_Vectors.o
  CAN1_RX1_IRQHandler                        2  Code  Wk  stm32l432xx_Vectors.o
  CAN1_SCE_IRQHandler                        2  Code  Wk  stm32l432xx_Vectors.o
  CAN1_TX_IRQHandler                         2  Code  Wk  stm32l432xx_Vectors.o
  COMP_IRQHandler                            2  Code  Wk  stm32l432xx_Vectors.o
  CRS_IRQHandler                             2  Code  Wk  stm32l432xx_Vectors.o
  DMA1_Channel1_IRQHandler                   2  Code  Wk  stm32l432xx_Vectors.o
  DMA1_Channel2_IRQHandler                   2  Code  Wk  stm32l432xx_Vectors.o
  DMA1_Channel3_IRQHandler                   2  Code  Wk  stm32l432xx_Vectors.o
  DMA1_Channel4_IRQHandler                   2  Code  Wk  stm32l432xx_Vectors.o
  DMA1_Channel5_IRQHandler                   2  Code  Wk  stm32l432xx_Vectors.o
  DMA1_Channel6_IRQHandler                   2  Code  Wk  stm32l432xx_Vectors.o
  DMA1_Channel7_IRQHandler                   2  Code  Wk  stm32l432xx_Vectors.o
  DMA2_Channel1_IRQHandler                   2  Code  Wk  stm32l432xx_Vectors.o
  DMA2_Channel2_IRQHandler                   2  Code  Wk  stm32l432xx_Vectors.o
  DMA2_Channel3_IRQHandler                   2  Code  Wk  stm32l432xx_Vectors.o
  DMA2_Channel4_IRQHandler                   2  Code  Wk  stm32l432xx_Vectors.o
  DMA2_Channel5_IRQHandler                   2  Code  Wk  stm32l432xx_Vectors.o
  DMA2_Channel6_IRQHandler                   2  Code  Wk  stm32l432xx_Vectors.o
  DMA2_Channel7_IRQHandler                   2  Code  Wk  stm32l432xx_Vectors.o
  DebugMon_Handler                           2  Code  Wk  stm32l432xx_Vectors.o
  EXTI0_IRQHandler                           2  Code  Wk  stm32l432xx_Vectors.o
  EXTI15_10_IRQHandler                       2  Code  Wk  stm32l432xx_Vectors.o
  EXTI1_IRQHandler                           2  Code  Wk  stm32l432xx_Vectors.o
  EXTI2_IRQHandler                           2  Code  Wk  stm32l432xx_Vectors.o
  EXTI3_IRQHandler                           2  Code  Wk  stm32l432xx_Vectors.o
  EXTI4_IRQHandler                           2  Code  Wk  stm32l432xx_Vectors.o
  EXTI9_5_IRQHandler                         2  Code  Wk  stm32l432xx_Vectors.o
  FLASH_IRQHandler                           2  Code  Wk  stm32l432xx_Vectors.o
  FPU_IRQHandler                             2  Code  Wk  stm32l432xx_Vectors.o
  HardFault_Handler                          4  Code  Wk  STM32L4xx_Startup.o
  I2C1_ER_IRQHandler                         2  Code  Wk  stm32l432xx_Vectors.o
  I2C1_EV_IRQHandler                         2  Code  Wk  stm32l432xx_Vectors.o
  I2C3_ER_IRQHandler                         2  Code  Wk  stm32l432xx_Vectors.o
  I2C3_EV_IRQHandler                         2  Code  Wk  stm32l432xx_Vectors.o
  LPTIM1_IRQHandler                          2  Code  Wk  stm32l432xx_Vectors.o
  LPTIM2_IRQHandler                          2  Code  Wk  stm32l432xx_Vectors.o
  LPUART1_IRQHandler                         2  Code  Wk  stm32l432xx_Vectors.o
  MemManage_Handler                          2  Code  Wk  stm32l432xx_Vectors.o
  NMI_Handler                                2  Code  Wk  stm32l432xx_Vectors.o
  PVD_PVM_IRQHandler                         2  Code  Wk  stm32l432xx_Vectors.o
  PendSV_Handler                             2  Code  Wk  stm32l432xx_Vectors.o
  QUADSPI_IRQHandler                         2  Code  Wk  stm32l432xx_Vectors.o
  RCC_IRQHandler                             2  Code  Wk  stm32l432xx_Vectors.o
  RNG_IRQHandler                             2  Code  Wk  stm32l432xx_Vectors.o
  RTC_Alarm_IRQHandler                       2  Code  Wk  stm32l432xx_Vectors.o
  RTC_WKUP_IRQHandler                        2  Code  Wk  stm32l432xx_Vectors.o
  Reset_Handler                              2  Code  Gb  STM32L4xx_Startup.o
  SAI1_IRQHandler                            2  Code  Wk  stm32l432xx_Vectors.o
  SPI1_IRQHandler                            2  Code  Wk  stm32l432xx_Vectors.o
  SPI3_IRQHandler                            2  Code  Wk  stm32l432xx_Vectors.o
  SVC_Handler                                2  Code  Wk  stm32l432xx_Vectors.o
  SWPMI1_IRQHandler                          2  Code  Wk  stm32l432xx_Vectors.o
  SysTick_Handler                            2  Code  Wk  stm32l432xx_Vectors.o
  TAMP_STAMP_IRQHandler                      2  Code  Wk  stm32l432xx_Vectors.o
  TIM1_BRK_TIM15_IRQHandler                  2  Code  Wk  stm32l432xx_Vectors.o
  TIM1_CC_IRQHandler                         2  Code  Wk  stm32l432xx_Vectors.o
  TIM1_TRG_COM_IRQHandler                    2  Code  Wk  stm32l432xx_Vectors.o
  TIM1_UP_TIM16_IRQHandler                   2  Code  Wk  stm32l432xx_Vectors.o
  TIM2_IRQHandler                            2  Code  Wk  stm32l432xx_Vectors.o
  TIM6_DAC_IRQHandler                        2  Code  Wk  stm32l432xx_Vectors.o
  TIM7_IRQHandler                            2  Code  Wk  stm32l432xx_Vectors.o
  TSC_IRQHandler                             2  Code  Wk  stm32l432xx_Vectors.o
  USART1_IRQHandler                          2  Code  Wk  stm32l432xx_Vectors.o
  USART2_IRQHandler                          2  Code  Wk  stm32l432xx_Vectors.o
  USB_IRQHandler                             2  Code  Wk  stm32l432xx_Vectors.o
  UsageFault_Handler                         2  Code  Wk  stm32l432xx_Vectors.o
  WWDG_IRQHandler                            2  Code  Wk  stm32l432xx_Vectors.o
  __SEGGER_init_done                         4  Code  Gb  SEGGER_THUMB_Startup.o
  __startup_complete                         4  Code  Gb  SEGGER_THUMB_Startup.o
  reset_handler                              2  Code  Gb  STM32L4xx_Startup.o

Read-write data symbols by name:

  Symbol name                   Address        Size  Align  Type  Bd  Object File
  -------------------------  ----------  ----------  -----  ----  --  -----------
  SystemCoreClock            0x10000000           4      4  Init  Gb  system_stm32l4xx.o

Read-write data symbols by address:

     Address  Symbol name                      Size  Align  Type  Bd  Object File
  ----------  -------------------------  ----------  -----  ----  --  -----------
  0x10000000  SystemCoreClock                     4      4  Init  Gb  system_stm32l4xx.o

Read-write data symbols by descending size:

  Symbol name                      Size  Align  Type  Bd  Object File
  -------------------------  ----------  -----  ----  --  -----------
  SystemCoreClock                     4      4  Init  Gb  system_stm32l4xx.o

Read-only data symbols by name:

  Symbol name                   Address        Size  Align  Type  Bd  Object File
  -------------------------  ----------  ----------  -----  ----  --  -----------
  AHBPrescTable              0x08000274          16      4  Cnst  Gb  system_stm32l4xx.o
  MSIRangeTable              0x08000284          48      4  Cnst  Gb  system_stm32l4xx.o
  __SEGGER_init_data__       0x080010C4         [4]      4  Cnst  Lc  [ Linker created ]
  __SEGGER_init_table__      0x080010AC        [24]      4  Cnst  Lc  [ Linker created ]
  notes                      0x08000460         872      4  Cnst  Gb  main.o

Read-only data symbols by address:

     Address  Symbol name                      Size  Align  Type  Bd  Object File
  ----------  -------------------------  ----------  -----  ----  --  -----------
  0x08000274  AHBPrescTable                      16      4  Cnst  Gb  system_stm32l4xx.o
  0x08000284  MSIRangeTable                      48      4  Cnst  Gb  system_stm32l4xx.o
  0x08000460  notes                             872      4  Cnst  Gb  main.o
  0x080010AC  __SEGGER_init_table__            [24]      4  Cnst  Lc  [ Linker created ]
  0x080010C4  __SEGGER_init_data__              [4]      4  Cnst  Lc  [ Linker created ]

Untyped symbols by name:

  Symbol name                     Value        Size  Align  Type  Bd  Object File
  -------------------------  ----------  ----------  -----  ----  --  -----------
  __FLASH1_segment_end__     0x08040000                     ----  Gb  [ Linker created ]
  __FLASH1_segment_size__    0x00040000                     ----  Gb  [ Linker created ]
  __FLASH1_segment_start__   0x08000000                     ----  Gb  [ Linker created ]
  __FLASH1_segment_used_end__
                             0x080010DC                     ----  Gb  [ Linker created ]
  __FLASH1_segment_used_size__
                             0x000010DC                     ----  Gb  [ Linker created ]
  __FLASH1_segment_used_start__
                             0x08000000                     ----  Gb  [ Linker created ]
  __FLASH_segment_end__      0x08040000                     ----  Gb  [ Linker created ]
  __FLASH_segment_size__     0x00040000                     ----  Gb  [ Linker created ]
  __FLASH_segment_start__    0x08000000                     ----  Gb  [ Linker created ]
  __FLASH_segment_used_end__
                             0x080010DC                     ----  Gb  [ Linker created ]
  __FLASH_segment_used_size__
                             0x000010DC                     ----  Gb  [ Linker created ]
  __FLASH_segment_used_start__
                             0x08000000                     ----  Gb  [ Linker created ]
  __HEAPSIZE__               0x00000000                     ----  Gb  [ Linker created ]
  __RAM1_segment_end__       0x10004000                     ----  Gb  [ Linker created ]
  __RAM1_segment_size__      0x00004000                     ----  Gb  [ Linker created ]
  __RAM1_segment_start__     0x10000000                     ----  Gb  [ Linker created ]
  __RAM1_segment_used_end__  0x10000004                     ----  Gb  [ Linker created ]
  __RAM1_segment_used_size__
                             0x00000004                     ----  Gb  [ Linker created ]
  __RAM1_segment_used_start__
                             0x10000000                     ----  Gb  [ Linker created ]
  __RAM2_segment_end__       0x2000C000                     ----  Gb  [ Linker created ]
  __RAM2_segment_size__      0x0000C000                     ----  Gb  [ Linker created ]
  __RAM2_segment_start__     0x20000000                     ----  Gb  [ Linker created ]
  __RAM2_segment_used_end__  0x2000C000                     ----  Gb  [ Linker created ]
  __RAM2_segment_used_size__
                             0x00000800                     ----  Gb  [ Linker created ]
  __RAM2_segment_used_start__
                             0x2000B800                     ----  Gb  [ Linker created ]
  __RAM_segment_end__        0x2000C000                     ----  Gb  [ Linker created ]
  __RAM_segment_size__       0x1000C000                     ----  Gb  [ Linker created ]
  __RAM_segment_start__      0x10000000                     ----  Gb  [ Linker created ]
  __RAM_segment_used_end__   0x2000C000                     ----  Gb  [ Linker created ]
  __RAM_segment_used_size__  0x1000C000                     ----  Gb  [ Linker created ]
  __RAM_segment_used_start__
                             0x10000000                     ----  Gb  [ Linker created ]
  __STACKSIZE_PROCESS__      0x00000000                     ----  Gb  [ Linker created ]
  __STACKSIZE__              0x00000800                     ----  Gb  [ Linker created ]
  __ctors_end__              0x08001088                     ----  Gb  [ Linker created ]
  __ctors_start__            0x08001084                     ----  Gb  [ Linker created ]
  __stack_end__              0x2000C000                     ----  Gb  [ Linker created ]
  __thread_pointer$          0x00000000                     ----  Gb  [ Linker created ]
  _vectors                   0x08000000       [396]    512  Code  Gb  stm32l432xx_Vectors.o
  _vectors_end               0x0800018C                512  Code  Lc  stm32l432xx_Vectors.o

Untyped symbols by address:

       Value  Symbol name                      Size  Align  Type  Bd  Object File
  ----------  -------------------------  ----------  -----  ----  --  -----------
  0x00000000  __thread_pointer$                             ----  Gb  [ Linker created ]
  0x00000000  __STACKSIZE_PROCESS__                         ----  Gb  [ Linker created ]
  0x00000000  __HEAPSIZE__                                  ----  Gb  [ Linker created ]
  0x00000004  __RAM1_segment_used_size__
                                                            ----  Gb  [ Linker created ]
  0x00000800  __STACKSIZE__                                 ----  Gb  [ Linker created ]
  0x00000800  __RAM2_segment_used_size__
                                                            ----  Gb  [ Linker created ]
  0x000010DC  __FLASH_segment_used_size__
                                                            ----  Gb  [ Linker created ]
  0x000010DC  __FLASH1_segment_used_size__
                                                            ----  Gb  [ Linker created ]
  0x00004000  __RAM1_segment_size__                         ----  Gb  [ Linker created ]
  0x0000C000  __RAM2_segment_size__                         ----  Gb  [ Linker created ]
  0x00040000  __FLASH_segment_size__                        ----  Gb  [ Linker created ]
  0x00040000  __FLASH1_segment_size__                       ----  Gb  [ Linker created ]
  0x08000000  _vectors                        [396]    512  Code  Gb  stm32l432xx_Vectors.o
  0x08000000  __FLASH_segment_used_start__
                                                            ----  Gb  [ Linker created ]
  0x08000000  __FLASH_segment_start__                       ----  Gb  [ Linker created ]
  0x08000000  __FLASH1_segment_used_start__
                                                            ----  Gb  [ Linker created ]
  0x08000000  __FLASH1_segment_start__                      ----  Gb  [ Linker created ]
  0x0800018C  _vectors_end                             512  Code  Lc  stm32l432xx_Vectors.o
  0x08001084  __ctors_start__                               ----  Gb  [ Linker created ]
  0x08001088  __ctors_end__                                 ----  Gb  [ Linker created ]
  0x080010DC  __FLASH_segment_used_end__
                                                            ----  Gb  [ Linker created ]
  0x080010DC  __FLASH1_segment_used_end__
                                                            ----  Gb  [ Linker created ]
  0x08040000  __FLASH_segment_end__                         ----  Gb  [ Linker created ]
  0x08040000  __FLASH1_segment_end__                        ----  Gb  [ Linker created ]
  0x10000000  __RAM_segment_used_start__
                                                            ----  Gb  [ Linker created ]
  0x10000000  __RAM_segment_start__                         ----  Gb  [ Linker created ]
  0x10000000  __RAM1_segment_used_start__
                                                            ----  Gb  [ Linker created ]
  0x10000000  __RAM1_segment_start__                        ----  Gb  [ Linker created ]
  0x10000004  __RAM1_segment_used_end__                     ----  Gb  [ Linker created ]
  0x10004000  __RAM1_segment_end__                          ----  Gb  [ Linker created ]
  0x1000C000  __RAM_segment_used_size__                     ----  Gb  [ Linker created ]
  0x1000C000  __RAM_segment_size__                          ----  Gb  [ Linker created ]
  0x20000000  __RAM2_segment_start__                        ----  Gb  [ Linker created ]
  0x2000B800  __RAM2_segment_used_start__
                                                            ----  Gb  [ Linker created ]
  0x2000C000  __stack_end__                                 ----  Gb  [ Linker created ]
  0x2000C000  __RAM_segment_used_end__                      ----  Gb  [ Linker created ]
  0x2000C000  __RAM_segment_end__                           ----  Gb  [ Linker created ]
  0x2000C000  __RAM2_segment_used_end__                     ----  Gb  [ Linker created ]
  0x2000C000  __RAM2_segment_end__                          ----  Gb  [ Linker created ]


***********************************************************************************************
***                                                                                         ***
***                                      LINK SUMMARY                                       ***
***                                                                                         ***
***********************************************************************************************

Memory breakdown:

    3 346 bytes read-only  code    + 
      964 bytes read-only  data    =   4 310 bytes read-only (total)
    2 052 bytes read-write data

Region summary:

  Name        Range                     Size                 Used               Unused       Alignment Loss
  ----------  -----------------  -----------  -------------------  -------------------  -------------------
  FLASH       08000000-0803ffff      262 144        4 314   1.65%      257 830  98.35%            0   0.00%
  RAM1        10000000-10003fff       16 384            4   0.02%       16 380  99.98%            0   0.00%
  RAM2        20000000-2000bfff       49 152        2 048   4.17%       47 104  95.83%            0   0.00%

Link complete: 0 errors, 0 warnings, 0 remarks
